Command line invocation:
    /Applications/Xcode.app/Contents/Developer/usr/bin/xcodebuild test -scheme DemoAI -destination "platform=iOS Simulator,name=iPhone 15"

ComputePackagePrebuildTargetDependencyGraph

Prepare packages

CreateBuildRequest

SendProjectDescription

CreateBuildOperation

ComputeTargetDependencyGraph
note: Building targets in dependency order
note: Target dependency graph (3 targets)
    Target 'DemoAIUITests' in project 'DemoAI'
        ➜ Explicit dependency on target 'DemoAI' in project 'DemoAI'
    Target 'DemoAITests' in project 'DemoAI'
        ➜ Explicit dependency on target 'DemoAI' in project 'DemoAI'
    Target 'DemoAI' in project 'DemoAI' (no dependencies)

GatherProvisioningInputs

CreateBuildDescription

ExecuteExternalTool /Applications/Xcode.app/Contents/Developer/usr/bin/actool --print-asset-tag-combinations --output-format xml1 /Users/iottive/Desktop/DemoAI/DemoAI/Assets.xcassets

ExecuteExternalTool /Applications/Xcode.app/Contents/Developer/Toolchains/XcodeDefault.xctoolchain/usr/bin/swiftc --version

ExecuteExternalTool /Applications/Xcode.app/Contents/Developer/Toolchains/XcodeDefault.xctoolchain/usr/bin/clang -v -E -dM -isysroot /Applications/Xcode.app/Contents/Developer/Platforms/iPhoneSimulator.platform/Developer/SDKs/iPhoneSimulator18.4.sdk -x c -c /dev/null

ExecuteExternalTool /Applications/Xcode.app/Contents/Developer/Toolchains/XcodeDefault.xctoolchain/usr/bin/ld -version_details

ExecuteExternalTool /Applications/Xcode.app/Contents/Developer/usr/bin/actool --version --output-format xml1

Build description signature: 85898fb61824f969e35a9bcb8c83a32f
Build description path: /Users/iottive/Library/Developer/Xcode/DerivedData/DemoAI-auvftwyzkttogsfblrcnoppslhsb/Build/Intermediates.noindex/XCBuildData/85898fb61824f969e35a9bcb8c83a32f.xcbuilddata
ProcessProductPackaging "" /Users/iottive/Library/Developer/Xcode/DerivedData/DemoAI-auvftwyzkttogsfblrcnoppslhsb/Build/Intermediates.noindex/DemoAI.build/Debug-iphonesimulator/DemoAI.build/DemoAI.app-Simulated.xcent (in target 'DemoAI' from project 'DemoAI')
    cd /Users/iottive/Desktop/DemoAI
    
    Entitlements:
    
    {
    "application-identifier" = "B5U82T7335.Com.demo.iottive.DemoAI";
}
    
    builtin-productPackagingUtility -entitlements -format xml -o /Users/iottive/Library/Developer/Xcode/DerivedData/DemoAI-auvftwyzkttogsfblrcnoppslhsb/Build/Intermediates.noindex/DemoAI.build/Debug-iphonesimulator/DemoAI.build/DemoAI.app-Simulated.xcent

ProcessProductPackagingDER /Users/iottive/Library/Developer/Xcode/DerivedData/DemoAI-auvftwyzkttogsfblrcnoppslhsb/Build/Intermediates.noindex/DemoAI.build/Debug-iphonesimulator/DemoAI.build/DemoAI.app-Simulated.xcent /Users/iottive/Library/Developer/Xcode/DerivedData/DemoAI-auvftwyzkttogsfblrcnoppslhsb/Build/Intermediates.noindex/DemoAI.build/Debug-iphonesimulator/DemoAI.build/DemoAI.app-Simulated.xcent.der (in target 'DemoAI' from project 'DemoAI')
    cd /Users/iottive/Desktop/DemoAI
    /usr/bin/derq query -f xml -i /Users/iottive/Library/Developer/Xcode/DerivedData/DemoAI-auvftwyzkttogsfblrcnoppslhsb/Build/Intermediates.noindex/DemoAI.build/Debug-iphonesimulator/DemoAI.build/DemoAI.app-Simulated.xcent -o /Users/iottive/Library/Developer/Xcode/DerivedData/DemoAI-auvftwyzkttogsfblrcnoppslhsb/Build/Intermediates.noindex/DemoAI.build/Debug-iphonesimulator/DemoAI.build/DemoAI.app-Simulated.xcent.der --raw

ClangStatCache /Applications/Xcode.app/Contents/Developer/Toolchains/XcodeDefault.xctoolchain/usr/bin/clang-stat-cache /Applications/Xcode.app/Contents/Developer/Platforms/iPhoneSimulator.platform/Developer/SDKs/iPhoneSimulator18.4.sdk /Users/iottive/Library/Developer/Xcode/DerivedData/SDKStatCaches.noindex/iphonesimulator18.4-22E235-71825a6d136aa4733edcbe86ece5525b.sdkstatcache
    cd /Users/iottive/Desktop/DemoAI/DemoAI.xcodeproj
    /Applications/Xcode.app/Contents/Developer/Toolchains/XcodeDefault.xctoolchain/usr/bin/clang-stat-cache /Applications/Xcode.app/Contents/Developer/Platforms/iPhoneSimulator.platform/Developer/SDKs/iPhoneSimulator18.4.sdk -o /Users/iottive/Library/Developer/Xcode/DerivedData/SDKStatCaches.noindex/iphonesimulator18.4-22E235-71825a6d136aa4733edcbe86ece5525b.sdkstatcache

WriteAuxiliaryFile /Users/iottive/Library/Developer/Xcode/DerivedData/DemoAI-auvftwyzkttogsfblrcnoppslhsb/Build/Intermediates.noindex/DemoAI.build/Debug-iphonesimulator/DemoAI.build/Objects-normal/x86_64/DemoAI.LinkFileList (in target 'DemoAI' from project 'DemoAI')
    cd /Users/iottive/Desktop/DemoAI
    write-file /Users/iottive/Library/Developer/Xcode/DerivedData/DemoAI-auvftwyzkttogsfblrcnoppslhsb/Build/Intermediates.noindex/DemoAI.build/Debug-iphonesimulator/DemoAI.build/Objects-normal/x86_64/DemoAI.LinkFileList

WriteAuxiliaryFile /Users/iottive/Library/Developer/Xcode/DerivedData/DemoAI-auvftwyzkttogsfblrcnoppslhsb/Build/Intermediates.noindex/DemoAI.build/Debug-iphonesimulator/DemoAI.build/Objects-normal/x86_64/DemoAI.SwiftFileList (in target 'DemoAI' from project 'DemoAI')
    cd /Users/iottive/Desktop/DemoAI
    write-file /Users/iottive/Library/Developer/Xcode/DerivedData/DemoAI-auvftwyzkttogsfblrcnoppslhsb/Build/Intermediates.noindex/DemoAI.build/Debug-iphonesimulator/DemoAI.build/Objects-normal/x86_64/DemoAI.SwiftFileList

WriteAuxiliaryFile /Users/iottive/Library/Developer/Xcode/DerivedData/DemoAI-auvftwyzkttogsfblrcnoppslhsb/Build/Intermediates.noindex/DemoAI.build/Debug-iphonesimulator/DemoAI.build/Objects-normal/x86_64/DemoAI.SwiftConstValuesFileList (in target 'DemoAI' from project 'DemoAI')
    cd /Users/iottive/Desktop/DemoAI
    write-file /Users/iottive/Library/Developer/Xcode/DerivedData/DemoAI-auvftwyzkttogsfblrcnoppslhsb/Build/Intermediates.noindex/DemoAI.build/Debug-iphonesimulator/DemoAI.build/Objects-normal/x86_64/DemoAI.SwiftConstValuesFileList

SwiftDriver DemoAI normal x86_64 com.apple.xcode.tools.swift.compiler (in target 'DemoAI' from project 'DemoAI')
    cd /Users/iottive/Desktop/DemoAI
    builtin-SwiftDriver -- /Applications/Xcode.app/Contents/Developer/Toolchains/XcodeDefault.xctoolchain/usr/bin/swiftc -module-name DemoAI -Onone -enforce-exclusivity\=checked @/Users/iottive/Library/Developer/Xcode/DerivedData/DemoAI-auvftwyzkttogsfblrcnoppslhsb/Build/Intermediates.noindex/DemoAI.build/Debug-iphonesimulator/DemoAI.build/Objects-normal/x86_64/DemoAI.SwiftFileList -DDEBUG -enable-bare-slash-regex -enable-experimental-feature DebugDescriptionMacro -sdk /Applications/Xcode.app/Contents/Developer/Platforms/iPhoneSimulator.platform/Developer/SDKs/iPhoneSimulator18.4.sdk -target x86_64-apple-ios18.4-simulator -g -module-cache-path /Users/iottive/Library/Developer/Xcode/DerivedData/ModuleCache.noindex -Xfrontend -serialize-debugging-options -profile-coverage-mapping -profile-generate -enable-testing -index-store-path /Users/iottive/Library/Developer/Xcode/DerivedData/DemoAI-auvftwyzkttogsfblrcnoppslhsb/Index.noindex/DataStore -swift-version 5 -I /Users/iottive/Library/Developer/Xcode/DerivedData/DemoAI-auvftwyzkttogsfblrcnoppslhsb/Build/Products/Debug-iphonesimulator -F /Users/iottive/Library/Developer/Xcode/DerivedData/DemoAI-auvftwyzkttogsfblrcnoppslhsb/Build/Products/Debug-iphonesimulator -emit-localized-strings -emit-localized-strings-path /Users/iottive/Library/Developer/Xcode/DerivedData/DemoAI-auvftwyzkttogsfblrcnoppslhsb/Build/Intermediates.noindex/DemoAI.build/Debug-iphonesimulator/DemoAI.build/Objects-normal/x86_64 -c -j8 -enable-batch-mode -incremental -Xcc -ivfsstatcache -Xcc /Users/iottive/Library/Developer/Xcode/DerivedData/SDKStatCaches.noindex/iphonesimulator18.4-22E235-71825a6d136aa4733edcbe86ece5525b.sdkstatcache -output-file-map /Users/iottive/Library/Developer/Xcode/DerivedData/DemoAI-auvftwyzkttogsfblrcnoppslhsb/Build/Intermediates.noindex/DemoAI.build/Debug-iphonesimulator/DemoAI.build/Objects-normal/x86_64/DemoAI-OutputFileMap.json -use-frontend-parseable-output -save-temps -no-color-diagnostics -serialize-diagnostics -emit-dependencies -emit-module -emit-module-path /Users/iottive/Library/Developer/Xcode/DerivedData/DemoAI-auvftwyzkttogsfblrcnoppslhsb/Build/Intermediates.noindex/DemoAI.build/Debug-iphonesimulator/DemoAI.build/Objects-normal/x86_64/DemoAI.swiftmodule -validate-clang-modules-once -clang-build-session-file /Users/iottive/Library/Developer/Xcode/DerivedData/ModuleCache.noindex/Session.modulevalidation -Xcc -I/Users/iottive/Library/Developer/Xcode/DerivedData/DemoAI-auvftwyzkttogsfblrcnoppslhsb/Build/Intermediates.noindex/DemoAI.build/Debug-iphonesimulator/DemoAI.build/swift-overrides.hmap -emit-const-values -Xfrontend -const-gather-protocols-file -Xfrontend /Users/iottive/Library/Developer/Xcode/DerivedData/DemoAI-auvftwyzkttogsfblrcnoppslhsb/Build/Intermediates.noindex/DemoAI.build/Debug-iphonesimulator/DemoAI.build/Objects-normal/x86_64/DemoAI_const_extract_protocols.json -Xcc -iquote -Xcc /Users/iottive/Library/Developer/Xcode/DerivedData/DemoAI-auvftwyzkttogsfblrcnoppslhsb/Build/Intermediates.noindex/DemoAI.build/Debug-iphonesimulator/DemoAI.build/DemoAI-generated-files.hmap -Xcc -I/Users/iottive/Library/Developer/Xcode/DerivedData/DemoAI-auvftwyzkttogsfblrcnoppslhsb/Build/Intermediates.noindex/DemoAI.build/Debug-iphonesimulator/DemoAI.build/DemoAI-own-target-headers.hmap -Xcc -I/Users/iottive/Library/Developer/Xcode/DerivedData/DemoAI-auvftwyzkttogsfblrcnoppslhsb/Build/Intermediates.noindex/DemoAI.build/Debug-iphonesimulator/DemoAI.build/DemoAI-all-target-headers.hmap -Xcc -iquote -Xcc /Users/iottive/Library/Developer/Xcode/DerivedData/DemoAI-auvftwyzkttogsfblrcnoppslhsb/Build/Intermediates.noindex/DemoAI.build/Debug-iphonesimulator/DemoAI.build/DemoAI-project-headers.hmap -Xcc -I/Users/iottive/Library/Developer/Xcode/DerivedData/DemoAI-auvftwyzkttogsfblrcnoppslhsb/Build/Products/Debug-iphonesimulator/include -Xcc -I/Users/iottive/Library/Developer/Xcode/DerivedData/DemoAI-auvftwyzkttogsfblrcnoppslhsb/Build/Intermediates.noindex/DemoAI.build/Debug-iphonesimulator/DemoAI.build/DerivedSources-normal/x86_64 -Xcc -I/Users/iottive/Library/Developer/Xcode/DerivedData/DemoAI-auvftwyzkttogsfblrcnoppslhsb/Build/Intermediates.noindex/DemoAI.build/Debug-iphonesimulator/DemoAI.build/DerivedSources/x86_64 -Xcc -I/Users/iottive/Library/Developer/Xcode/DerivedData/DemoAI-auvftwyzkttogsfblrcnoppslhsb/Build/Intermediates.noindex/DemoAI.build/Debug-iphonesimulator/DemoAI.build/DerivedSources -Xcc -DDEBUG\=1 -emit-objc-header -emit-objc-header-path /Users/iottive/Library/Developer/Xcode/DerivedData/DemoAI-auvftwyzkttogsfblrcnoppslhsb/Build/Intermediates.noindex/DemoAI.build/Debug-iphonesimulator/DemoAI.build/Objects-normal/x86_64/DemoAI-Swift.h -working-directory /Users/iottive/Desktop/DemoAI -experimental-emit-module-separately -disable-cmo

ProcessInfoPlistFile /Users/iottive/Library/Developer/Xcode/DerivedData/DemoAI-auvftwyzkttogsfblrcnoppslhsb/Build/Products/Debug-iphonesimulator/DemoAI.app/Info.plist /Users/iottive/Library/Developer/Xcode/DerivedData/DemoAI-auvftwyzkttogsfblrcnoppslhsb/Build/Intermediates.noindex/DemoAI.build/Debug-iphonesimulator/DemoAI.build/empty-DemoAI.plist (in target 'DemoAI' from project 'DemoAI')
    cd /Users/iottive/Desktop/DemoAI
    builtin-infoPlistUtility /Users/iottive/Library/Developer/Xcode/DerivedData/DemoAI-auvftwyzkttogsfblrcnoppslhsb/Build/Intermediates.noindex/DemoAI.build/Debug-iphonesimulator/DemoAI.build/empty-DemoAI.plist -producttype com.apple.product-type.application -genpkginfo /Users/iottive/Library/Developer/Xcode/DerivedData/DemoAI-auvftwyzkttogsfblrcnoppslhsb/Build/Products/Debug-iphonesimulator/DemoAI.app/PkgInfo -expandbuildsettings -format binary -platform iphonesimulator -additionalcontentfile /Users/iottive/Library/Developer/Xcode/DerivedData/DemoAI-auvftwyzkttogsfblrcnoppslhsb/Build/Intermediates.noindex/DemoAI.build/Debug-iphonesimulator/DemoAI.build/assetcatalog_generated_info.plist -o /Users/iottive/Library/Developer/Xcode/DerivedData/DemoAI-auvftwyzkttogsfblrcnoppslhsb/Build/Products/Debug-iphonesimulator/DemoAI.app/Info.plist

SwiftDriver\ Compilation\ Requirements DemoAI normal x86_64 com.apple.xcode.tools.swift.compiler (in target 'DemoAI' from project 'DemoAI')
    cd /Users/iottive/Desktop/DemoAI
    builtin-Swift-Compilation-Requirements -- /Applications/Xcode.app/Contents/Developer/Toolchains/XcodeDefault.xctoolchain/usr/bin/swiftc -module-name DemoAI -Onone -enforce-exclusivity\=checked @/Users/iottive/Library/Developer/Xcode/DerivedData/DemoAI-auvftwyzkttogsfblrcnoppslhsb/Build/Intermediates.noindex/DemoAI.build/Debug-iphonesimulator/DemoAI.build/Objects-normal/x86_64/DemoAI.SwiftFileList -DDEBUG -enable-bare-slash-regex -enable-experimental-feature DebugDescriptionMacro -sdk /Applications/Xcode.app/Contents/Developer/Platforms/iPhoneSimulator.platform/Developer/SDKs/iPhoneSimulator18.4.sdk -target x86_64-apple-ios18.4-simulator -g -module-cache-path /Users/iottive/Library/Developer/Xcode/DerivedData/ModuleCache.noindex -Xfrontend -serialize-debugging-options -profile-coverage-mapping -profile-generate -enable-testing -index-store-path /Users/iottive/Library/Developer/Xcode/DerivedData/DemoAI-auvftwyzkttogsfblrcnoppslhsb/Index.noindex/DataStore -swift-version 5 -I /Users/iottive/Library/Developer/Xcode/DerivedData/DemoAI-auvftwyzkttogsfblrcnoppslhsb/Build/Products/Debug-iphonesimulator -F /Users/iottive/Library/Developer/Xcode/DerivedData/DemoAI-auvftwyzkttogsfblrcnoppslhsb/Build/Products/Debug-iphonesimulator -emit-localized-strings -emit-localized-strings-path /Users/iottive/Library/Developer/Xcode/DerivedData/DemoAI-auvftwyzkttogsfblrcnoppslhsb/Build/Intermediates.noindex/DemoAI.build/Debug-iphonesimulator/DemoAI.build/Objects-normal/x86_64 -c -j8 -enable-batch-mode -incremental -Xcc -ivfsstatcache -Xcc /Users/iottive/Library/Developer/Xcode/DerivedData/SDKStatCaches.noindex/iphonesimulator18.4-22E235-71825a6d136aa4733edcbe86ece5525b.sdkstatcache -output-file-map /Users/iottive/Library/Developer/Xcode/DerivedData/DemoAI-auvftwyzkttogsfblrcnoppslhsb/Build/Intermediates.noindex/DemoAI.build/Debug-iphonesimulator/DemoAI.build/Objects-normal/x86_64/DemoAI-OutputFileMap.json -use-frontend-parseable-output -save-temps -no-color-diagnostics -serialize-diagnostics -emit-dependencies -emit-module -emit-module-path /Users/iottive/Library/Developer/Xcode/DerivedData/DemoAI-auvftwyzkttogsfblrcnoppslhsb/Build/Intermediates.noindex/DemoAI.build/Debug-iphonesimulator/DemoAI.build/Objects-normal/x86_64/DemoAI.swiftmodule -validate-clang-modules-once -clang-build-session-file /Users/iottive/Library/Developer/Xcode/DerivedData/ModuleCache.noindex/Session.modulevalidation -Xcc -I/Users/iottive/Library/Developer/Xcode/DerivedData/DemoAI-auvftwyzkttogsfblrcnoppslhsb/Build/Intermediates.noindex/DemoAI.build/Debug-iphonesimulator/DemoAI.build/swift-overrides.hmap -emit-const-values -Xfrontend -const-gather-protocols-file -Xfrontend /Users/iottive/Library/Developer/Xcode/DerivedData/DemoAI-auvftwyzkttogsfblrcnoppslhsb/Build/Intermediates.noindex/DemoAI.build/Debug-iphonesimulator/DemoAI.build/Objects-normal/x86_64/DemoAI_const_extract_protocols.json -Xcc -iquote -Xcc /Users/iottive/Library/Developer/Xcode/DerivedData/DemoAI-auvftwyzkttogsfblrcnoppslhsb/Build/Intermediates.noindex/DemoAI.build/Debug-iphonesimulator/DemoAI.build/DemoAI-generated-files.hmap -Xcc -I/Users/iottive/Library/Developer/Xcode/DerivedData/DemoAI-auvftwyzkttogsfblrcnoppslhsb/Build/Intermediates.noindex/DemoAI.build/Debug-iphonesimulator/DemoAI.build/DemoAI-own-target-headers.hmap -Xcc -I/Users/iottive/Library/Developer/Xcode/DerivedData/DemoAI-auvftwyzkttogsfblrcnoppslhsb/Build/Intermediates.noindex/DemoAI.build/Debug-iphonesimulator/DemoAI.build/DemoAI-all-target-headers.hmap -Xcc -iquote -Xcc /Users/iottive/Library/Developer/Xcode/DerivedData/DemoAI-auvftwyzkttogsfblrcnoppslhsb/Build/Intermediates.noindex/DemoAI.build/Debug-iphonesimulator/DemoAI.build/DemoAI-project-headers.hmap -Xcc -I/Users/iottive/Library/Developer/Xcode/DerivedData/DemoAI-auvftwyzkttogsfblrcnoppslhsb/Build/Products/Debug-iphonesimulator/include -Xcc -I/Users/iottive/Library/Developer/Xcode/DerivedData/DemoAI-auvftwyzkttogsfblrcnoppslhsb/Build/Intermediates.noindex/DemoAI.build/Debug-iphonesimulator/DemoAI.build/DerivedSources-normal/x86_64 -Xcc -I/Users/iottive/Library/Developer/Xcode/DerivedData/DemoAI-auvftwyzkttogsfblrcnoppslhsb/Build/Intermediates.noindex/DemoAI.build/Debug-iphonesimulator/DemoAI.build/DerivedSources/x86_64 -Xcc -I/Users/iottive/Library/Developer/Xcode/DerivedData/DemoAI-auvftwyzkttogsfblrcnoppslhsb/Build/Intermediates.noindex/DemoAI.build/Debug-iphonesimulator/DemoAI.build/DerivedSources -Xcc -DDEBUG\=1 -emit-objc-header -emit-objc-header-path /Users/iottive/Library/Developer/Xcode/DerivedData/DemoAI-auvftwyzkttogsfblrcnoppslhsb/Build/Intermediates.noindex/DemoAI.build/Debug-iphonesimulator/DemoAI.build/Objects-normal/x86_64/DemoAI-Swift.h -working-directory /Users/iottive/Desktop/DemoAI -experimental-emit-module-separately -disable-cmo

SwiftDriver\ Compilation DemoAI normal x86_64 com.apple.xcode.tools.swift.compiler (in target 'DemoAI' from project 'DemoAI')
    cd /Users/iottive/Desktop/DemoAI
    builtin-Swift-Compilation -- /Applications/Xcode.app/Contents/Developer/Toolchains/XcodeDefault.xctoolchain/usr/bin/swiftc -module-name DemoAI -Onone -enforce-exclusivity\=checked @/Users/iottive/Library/Developer/Xcode/DerivedData/DemoAI-auvftwyzkttogsfblrcnoppslhsb/Build/Intermediates.noindex/DemoAI.build/Debug-iphonesimulator/DemoAI.build/Objects-normal/x86_64/DemoAI.SwiftFileList -DDEBUG -enable-bare-slash-regex -enable-experimental-feature DebugDescriptionMacro -sdk /Applications/Xcode.app/Contents/Developer/Platforms/iPhoneSimulator.platform/Developer/SDKs/iPhoneSimulator18.4.sdk -target x86_64-apple-ios18.4-simulator -g -module-cache-path /Users/iottive/Library/Developer/Xcode/DerivedData/ModuleCache.noindex -Xfrontend -serialize-debugging-options -profile-coverage-mapping -profile-generate -enable-testing -index-store-path /Users/iottive/Library/Developer/Xcode/DerivedData/DemoAI-auvftwyzkttogsfblrcnoppslhsb/Index.noindex/DataStore -swift-version 5 -I /Users/iottive/Library/Developer/Xcode/DerivedData/DemoAI-auvftwyzkttogsfblrcnoppslhsb/Build/Products/Debug-iphonesimulator -F /Users/iottive/Library/Developer/Xcode/DerivedData/DemoAI-auvftwyzkttogsfblrcnoppslhsb/Build/Products/Debug-iphonesimulator -emit-localized-strings -emit-localized-strings-path /Users/iottive/Library/Developer/Xcode/DerivedData/DemoAI-auvftwyzkttogsfblrcnoppslhsb/Build/Intermediates.noindex/DemoAI.build/Debug-iphonesimulator/DemoAI.build/Objects-normal/x86_64 -c -j8 -enable-batch-mode -incremental -Xcc -ivfsstatcache -Xcc /Users/iottive/Library/Developer/Xcode/DerivedData/SDKStatCaches.noindex/iphonesimulator18.4-22E235-71825a6d136aa4733edcbe86ece5525b.sdkstatcache -output-file-map /Users/iottive/Library/Developer/Xcode/DerivedData/DemoAI-auvftwyzkttogsfblrcnoppslhsb/Build/Intermediates.noindex/DemoAI.build/Debug-iphonesimulator/DemoAI.build/Objects-normal/x86_64/DemoAI-OutputFileMap.json -use-frontend-parseable-output -save-temps -no-color-diagnostics -serialize-diagnostics -emit-dependencies -emit-module -emit-module-path /Users/iottive/Library/Developer/Xcode/DerivedData/DemoAI-auvftwyzkttogsfblrcnoppslhsb/Build/Intermediates.noindex/DemoAI.build/Debug-iphonesimulator/DemoAI.build/Objects-normal/x86_64/DemoAI.swiftmodule -validate-clang-modules-once -clang-build-session-file /Users/iottive/Library/Developer/Xcode/DerivedData/ModuleCache.noindex/Session.modulevalidation -Xcc -I/Users/iottive/Library/Developer/Xcode/DerivedData/DemoAI-auvftwyzkttogsfblrcnoppslhsb/Build/Intermediates.noindex/DemoAI.build/Debug-iphonesimulator/DemoAI.build/swift-overrides.hmap -emit-const-values -Xfrontend -const-gather-protocols-file -Xfrontend /Users/iottive/Library/Developer/Xcode/DerivedData/DemoAI-auvftwyzkttogsfblrcnoppslhsb/Build/Intermediates.noindex/DemoAI.build/Debug-iphonesimulator/DemoAI.build/Objects-normal/x86_64/DemoAI_const_extract_protocols.json -Xcc -iquote -Xcc /Users/iottive/Library/Developer/Xcode/DerivedData/DemoAI-auvftwyzkttogsfblrcnoppslhsb/Build/Intermediates.noindex/DemoAI.build/Debug-iphonesimulator/DemoAI.build/DemoAI-generated-files.hmap -Xcc -I/Users/iottive/Library/Developer/Xcode/DerivedData/DemoAI-auvftwyzkttogsfblrcnoppslhsb/Build/Intermediates.noindex/DemoAI.build/Debug-iphonesimulator/DemoAI.build/DemoAI-own-target-headers.hmap -Xcc -I/Users/iottive/Library/Developer/Xcode/DerivedData/DemoAI-auvftwyzkttogsfblrcnoppslhsb/Build/Intermediates.noindex/DemoAI.build/Debug-iphonesimulator/DemoAI.build/DemoAI-all-target-headers.hmap -Xcc -iquote -Xcc /Users/iottive/Library/Developer/Xcode/DerivedData/DemoAI-auvftwyzkttogsfblrcnoppslhsb/Build/Intermediates.noindex/DemoAI.build/Debug-iphonesimulator/DemoAI.build/DemoAI-project-headers.hmap -Xcc -I/Users/iottive/Library/Developer/Xcode/DerivedData/DemoAI-auvftwyzkttogsfblrcnoppslhsb/Build/Products/Debug-iphonesimulator/include -Xcc -I/Users/iottive/Library/Developer/Xcode/DerivedData/DemoAI-auvftwyzkttogsfblrcnoppslhsb/Build/Intermediates.noindex/DemoAI.build/Debug-iphonesimulator/DemoAI.build/DerivedSources-normal/x86_64 -Xcc -I/Users/iottive/Library/Developer/Xcode/DerivedData/DemoAI-auvftwyzkttogsfblrcnoppslhsb/Build/Intermediates.noindex/DemoAI.build/Debug-iphonesimulator/DemoAI.build/DerivedSources/x86_64 -Xcc -I/Users/iottive/Library/Developer/Xcode/DerivedData/DemoAI-auvftwyzkttogsfblrcnoppslhsb/Build/Intermediates.noindex/DemoAI.build/Debug-iphonesimulator/DemoAI.build/DerivedSources -Xcc -DDEBUG\=1 -emit-objc-header -emit-objc-header-path /Users/iottive/Library/Developer/Xcode/DerivedData/DemoAI-auvftwyzkttogsfblrcnoppslhsb/Build/Intermediates.noindex/DemoAI.build/Debug-iphonesimulator/DemoAI.build/Objects-normal/x86_64/DemoAI-Swift.h -working-directory /Users/iottive/Desktop/DemoAI -experimental-emit-module-separately -disable-cmo

ProcessProductPackaging "" /Users/iottive/Library/Developer/Xcode/DerivedData/DemoAI-auvftwyzkttogsfblrcnoppslhsb/Build/Intermediates.noindex/DemoAI.build/Debug-iphonesimulator/DemoAIUITests.build/DemoAIUITests.xctest-Simulated.xcent (in target 'DemoAIUITests' from project 'DemoAI')
    cd /Users/iottive/Desktop/DemoAI
    
    Entitlements:
    
    {
    "application-identifier" = "XH743QNLUY.Com.demo.iottive.DemoAIUITests.xctrunner";
    "keychain-access-groups" =     (
        "XH743QNLUY.Com.demo.iottive.DemoAIUITests.xctrunner"
    );
}
    
    builtin-productPackagingUtility -entitlements -format xml -o /Users/iottive/Library/Developer/Xcode/DerivedData/DemoAI-auvftwyzkttogsfblrcnoppslhsb/Build/Intermediates.noindex/DemoAI.build/Debug-iphonesimulator/DemoAIUITests.build/DemoAIUITests.xctest-Simulated.xcent

Ld /Users/iottive/Library/Developer/Xcode/DerivedData/DemoAI-auvftwyzkttogsfblrcnoppslhsb/Build/Products/Debug-iphonesimulator/DemoAI.app/DemoAI.debug.dylib normal (in target 'DemoAI' from project 'DemoAI')
    cd /Users/iottive/Desktop/DemoAI
    /Applications/Xcode.app/Contents/Developer/Toolchains/XcodeDefault.xctoolchain/usr/bin/clang -Xlinker -reproducible -target x86_64-apple-ios18.4-simulator -dynamiclib -isysroot /Applications/Xcode.app/Contents/Developer/Platforms/iPhoneSimulator.platform/Developer/SDKs/iPhoneSimulator18.4.sdk -O0 -L/Users/iottive/Library/Developer/Xcode/DerivedData/DemoAI-auvftwyzkttogsfblrcnoppslhsb/Build/Intermediates.noindex/EagerLinkingTBDs/Debug-iphonesimulator -L/Users/iottive/Library/Developer/Xcode/DerivedData/DemoAI-auvftwyzkttogsfblrcnoppslhsb/Build/Products/Debug-iphonesimulator -F/Users/iottive/Library/Developer/Xcode/DerivedData/DemoAI-auvftwyzkttogsfblrcnoppslhsb/Build/Intermediates.noindex/EagerLinkingTBDs/Debug-iphonesimulator -F/Users/iottive/Library/Developer/Xcode/DerivedData/DemoAI-auvftwyzkttogsfblrcnoppslhsb/Build/Products/Debug-iphonesimulator -filelist /Users/iottive/Library/Developer/Xcode/DerivedData/DemoAI-auvftwyzkttogsfblrcnoppslhsb/Build/Intermediates.noindex/DemoAI.build/Debug-iphonesimulator/DemoAI.build/Objects-normal/x86_64/DemoAI.LinkFileList -install_name @rpath/DemoAI.debug.dylib -Xlinker -rpath -Xlinker @executable_path/Frameworks -dead_strip -Xlinker -object_path_lto -Xlinker /Users/iottive/Library/Developer/Xcode/DerivedData/DemoAI-auvftwyzkttogsfblrcnoppslhsb/Build/Intermediates.noindex/DemoAI.build/Debug-iphonesimulator/DemoAI.build/Objects-normal/x86_64/DemoAI_lto.o -rdynamic -Xlinker -no_deduplicate -Xlinker -objc_abi_version -Xlinker 2 -Xlinker -debug_variant -Xlinker -dependency_info -Xlinker /Users/iottive/Library/Developer/Xcode/DerivedData/DemoAI-auvftwyzkttogsfblrcnoppslhsb/Build/Intermediates.noindex/DemoAI.build/Debug-iphonesimulator/DemoAI.build/Objects-normal/x86_64/DemoAI_dependency_info.dat -fobjc-link-runtime -fprofile-instr-generate -L/Applications/Xcode.app/Contents/Developer/Toolchains/XcodeDefault.xctoolchain/usr/lib/swift/iphonesimulator -L/usr/lib/swift -Xlinker -add_ast_path -Xlinker /Users/iottive/Library/Developer/Xcode/DerivedData/DemoAI-auvftwyzkttogsfblrcnoppslhsb/Build/Intermediates.noindex/DemoAI.build/Debug-iphonesimulator/DemoAI.build/Objects-normal/x86_64/DemoAI.swiftmodule -Xlinker -alias -Xlinker _main -Xlinker ___debug_main_executable_dylib_entry_point -Xlinker -no_adhoc_codesign -o /Users/iottive/Library/Developer/Xcode/DerivedData/DemoAI-auvftwyzkttogsfblrcnoppslhsb/Build/Products/Debug-iphonesimulator/DemoAI.app/DemoAI.debug.dylib

ProcessProductPackagingDER /Users/iottive/Library/Developer/Xcode/DerivedData/DemoAI-auvftwyzkttogsfblrcnoppslhsb/Build/Intermediates.noindex/DemoAI.build/Debug-iphonesimulator/DemoAIUITests.build/DemoAIUITests.xctest-Simulated.xcent /Users/iottive/Library/Developer/Xcode/DerivedData/DemoAI-auvftwyzkttogsfblrcnoppslhsb/Build/Intermediates.noindex/DemoAI.build/Debug-iphonesimulator/DemoAIUITests.build/DemoAIUITests.xctest-Simulated.xcent.der (in target 'DemoAIUITests' from project 'DemoAI')
    cd /Users/iottive/Desktop/DemoAI
    /usr/bin/derq query -f xml -i /Users/iottive/Library/Developer/Xcode/DerivedData/DemoAI-auvftwyzkttogsfblrcnoppslhsb/Build/Intermediates.noindex/DemoAI.build/Debug-iphonesimulator/DemoAIUITests.build/DemoAIUITests.xctest-Simulated.xcent -o /Users/iottive/Library/Developer/Xcode/DerivedData/DemoAI-auvftwyzkttogsfblrcnoppslhsb/Build/Intermediates.noindex/DemoAI.build/Debug-iphonesimulator/DemoAIUITests.build/DemoAIUITests.xctest-Simulated.xcent.der --raw

ConstructStubExecutorLinkFileList /Users/iottive/Library/Developer/Xcode/DerivedData/DemoAI-auvftwyzkttogsfblrcnoppslhsb/Build/Intermediates.noindex/DemoAI.build/Debug-iphonesimulator/DemoAI.build/DemoAI-ExecutorLinkFileList-normal-x86_64.txt (in target 'DemoAI' from project 'DemoAI')
    cd /Users/iottive/Desktop/DemoAI
    construct-stub-executor-link-file-list /Users/iottive/Library/Developer/Xcode/DerivedData/DemoAI-auvftwyzkttogsfblrcnoppslhsb/Build/Products/Debug-iphonesimulator/DemoAI.app/DemoAI.debug.dylib /Applications/Xcode.app/Contents/Developer/Platforms/iPhoneSimulator.platform/Developer/usr/lib/libPreviewsJITStubExecutor_no_swift_entry_point.a /Applications/Xcode.app/Contents/Developer/Platforms/iPhoneSimulator.platform/Developer/usr/lib/libPreviewsJITStubExecutor.a --output /Users/iottive/Library/Developer/Xcode/DerivedData/DemoAI-auvftwyzkttogsfblrcnoppslhsb/Build/Intermediates.noindex/DemoAI.build/Debug-iphonesimulator/DemoAI.build/DemoAI-ExecutorLinkFileList-normal-x86_64.txt
note: Using stub executor library with Swift entry point. (in target 'DemoAI' from project 'DemoAI')

Ld /Users/iottive/Library/Developer/Xcode/DerivedData/DemoAI-auvftwyzkttogsfblrcnoppslhsb/Build/Products/Debug-iphonesimulator/DemoAI.app/DemoAI normal (in target 'DemoAI' from project 'DemoAI')
    cd /Users/iottive/Desktop/DemoAI
    /Applications/Xcode.app/Contents/Developer/Toolchains/XcodeDefault.xctoolchain/usr/bin/clang -Xlinker -reproducible -target x86_64-apple-ios18.4-simulator -isysroot /Applications/Xcode.app/Contents/Developer/Platforms/iPhoneSimulator.platform/Developer/SDKs/iPhoneSimulator18.4.sdk -O0 -L/Users/iottive/Library/Developer/Xcode/DerivedData/DemoAI-auvftwyzkttogsfblrcnoppslhsb/Build/Products/Debug-iphonesimulator -F/Users/iottive/Library/Developer/Xcode/DerivedData/DemoAI-auvftwyzkttogsfblrcnoppslhsb/Build/Products/Debug-iphonesimulator -Xlinker -rpath -Xlinker @executable_path -Xlinker -rpath -Xlinker @executable_path/Frameworks -rdynamic -Xlinker -no_deduplicate -Xlinker -objc_abi_version -Xlinker 2 -Xlinker -debug_variant -e ___debug_blank_executor_main -Xlinker -sectcreate -Xlinker __TEXT -Xlinker __debug_dylib -Xlinker /Users/iottive/Library/Developer/Xcode/DerivedData/DemoAI-auvftwyzkttogsfblrcnoppslhsb/Build/Intermediates.noindex/DemoAI.build/Debug-iphonesimulator/DemoAI.build/DemoAI-DebugDylibPath-normal-x86_64.txt -Xlinker -sectcreate -Xlinker __TEXT -Xlinker __debug_instlnm -Xlinker /Users/iottive/Library/Developer/Xcode/DerivedData/DemoAI-auvftwyzkttogsfblrcnoppslhsb/Build/Intermediates.noindex/DemoAI.build/Debug-iphonesimulator/DemoAI.build/DemoAI-DebugDylibInstallName-normal-x86_64.txt -Xlinker -filelist -Xlinker /Users/iottive/Library/Developer/Xcode/DerivedData/DemoAI-auvftwyzkttogsfblrcnoppslhsb/Build/Intermediates.noindex/DemoAI.build/Debug-iphonesimulator/DemoAI.build/DemoAI-ExecutorLinkFileList-normal-x86_64.txt -Xlinker -sectcreate -Xlinker __TEXT -Xlinker __entitlements -Xlinker /Users/iottive/Library/Developer/Xcode/DerivedData/DemoAI-auvftwyzkttogsfblrcnoppslhsb/Build/Intermediates.noindex/DemoAI.build/Debug-iphonesimulator/DemoAI.build/DemoAI.app-Simulated.xcent -Xlinker -sectcreate -Xlinker __TEXT -Xlinker __ents_der -Xlinker /Users/iottive/Library/Developer/Xcode/DerivedData/DemoAI-auvftwyzkttogsfblrcnoppslhsb/Build/Intermediates.noindex/DemoAI.build/Debug-iphonesimulator/DemoAI.build/DemoAI.app-Simulated.xcent.der /Users/iottive/Library/Developer/Xcode/DerivedData/DemoAI-auvftwyzkttogsfblrcnoppslhsb/Build/Products/Debug-iphonesimulator/DemoAI.app/DemoAI.debug.dylib -Xlinker -no_adhoc_codesign -o /Users/iottive/Library/Developer/Xcode/DerivedData/DemoAI-auvftwyzkttogsfblrcnoppslhsb/Build/Products/Debug-iphonesimulator/DemoAI.app/DemoAI

ExtractAppIntentsMetadata (in target 'DemoAI' from project 'DemoAI')
    cd /Users/iottive/Desktop/DemoAI
    /Applications/Xcode.app/Contents/Developer/Toolchains/XcodeDefault.xctoolchain/usr/bin/appintentsmetadataprocessor --toolchain-dir /Applications/Xcode.app/Contents/Developer/Toolchains/XcodeDefault.xctoolchain --module-name DemoAI --sdk-root /Applications/Xcode.app/Contents/Developer/Platforms/iPhoneSimulator.platform/Developer/SDKs/iPhoneSimulator18.4.sdk --xcode-version 16E140 --platform-family iOS --deployment-target 18.4 --bundle-identifier Com.demo.iottive.DemoAI --output /Users/iottive/Library/Developer/Xcode/DerivedData/DemoAI-auvftwyzkttogsfblrcnoppslhsb/Build/Products/Debug-iphonesimulator/DemoAI.app --target-triple x86_64-apple-ios18.4-simulator --binary-file /Users/iottive/Library/Developer/Xcode/DerivedData/DemoAI-auvftwyzkttogsfblrcnoppslhsb/Build/Products/Debug-iphonesimulator/DemoAI.app/DemoAI --dependency-file /Users/iottive/Library/Developer/Xcode/DerivedData/DemoAI-auvftwyzkttogsfblrcnoppslhsb/Build/Intermediates.noindex/DemoAI.build/Debug-iphonesimulator/DemoAI.build/Objects-normal/x86_64/DemoAI_dependency_info.dat --stringsdata-file /Users/iottive/Library/Developer/Xcode/DerivedData/DemoAI-auvftwyzkttogsfblrcnoppslhsb/Build/Intermediates.noindex/DemoAI.build/Debug-iphonesimulator/DemoAI.build/Objects-normal/x86_64/ExtractedAppShortcutsMetadata.stringsdata --source-file-list /Users/iottive/Library/Developer/Xcode/DerivedData/DemoAI-auvftwyzkttogsfblrcnoppslhsb/Build/Intermediates.noindex/DemoAI.build/Debug-iphonesimulator/DemoAI.build/Objects-normal/x86_64/DemoAI.SwiftFileList --metadata-file-list /Users/iottive/Library/Developer/Xcode/DerivedData/DemoAI-auvftwyzkttogsfblrcnoppslhsb/Build/Intermediates.noindex/DemoAI.build/Debug-iphonesimulator/DemoAI.build/DemoAI.DependencyMetadataFileList --static-metadata-file-list /Users/iottive/Library/Developer/Xcode/DerivedData/DemoAI-auvftwyzkttogsfblrcnoppslhsb/Build/Intermediates.noindex/DemoAI.build/Debug-iphonesimulator/DemoAI.build/DemoAI.DependencyStaticMetadataFileList --swift-const-vals-list /Users/iottive/Library/Developer/Xcode/DerivedData/DemoAI-auvftwyzkttogsfblrcnoppslhsb/Build/Intermediates.noindex/DemoAI.build/Debug-iphonesimulator/DemoAI.build/Objects-normal/x86_64/DemoAI.SwiftConstValuesFileList --compile-time-extraction --deployment-aware-processing --validate-assistant-intents --no-app-shortcuts-localization
2026-04-30 18:45:04.812 appintentsmetadataprocessor[32503:614812] Starting appintentsmetadataprocessor export
2026-04-30 18:45:04.817 appintentsmetadataprocessor[32503:614812] warning: Metadata extraction skipped. No AppIntents.framework dependency found.

CopySwiftLibs /Users/iottive/Library/Developer/Xcode/DerivedData/DemoAI-auvftwyzkttogsfblrcnoppslhsb/Build/Products/Debug-iphonesimulator/DemoAI.app (in target 'DemoAI' from project 'DemoAI')
    cd /Users/iottive/Desktop/DemoAI
    builtin-swiftStdLibTool --copy --verbose --sign - --scan-executable /Users/iottive/Library/Developer/Xcode/DerivedData/DemoAI-auvftwyzkttogsfblrcnoppslhsb/Build/Products/Debug-iphonesimulator/DemoAI.app/DemoAI.debug.dylib --scan-folder /Users/iottive/Library/Developer/Xcode/DerivedData/DemoAI-auvftwyzkttogsfblrcnoppslhsb/Build/Products/Debug-iphonesimulator/DemoAI.app/Frameworks --scan-folder /Users/iottive/Library/Developer/Xcode/DerivedData/DemoAI-auvftwyzkttogsfblrcnoppslhsb/Build/Products/Debug-iphonesimulator/DemoAI.app/PlugIns --scan-folder /Users/iottive/Library/Developer/Xcode/DerivedData/DemoAI-auvftwyzkttogsfblrcnoppslhsb/Build/Products/Debug-iphonesimulator/DemoAI.app/SystemExtensions --scan-folder /Users/iottive/Library/Developer/Xcode/DerivedData/DemoAI-auvftwyzkttogsfblrcnoppslhsb/Build/Products/Debug-iphonesimulator/DemoAI.app/Extensions --platform iphonesimulator --toolchain /Applications/Xcode.app/Contents/Developer/Toolchains/XcodeDefault.xctoolchain --destination /Users/iottive/Library/Developer/Xcode/DerivedData/DemoAI-auvftwyzkttogsfblrcnoppslhsb/Build/Products/Debug-iphonesimulator/DemoAI.app/Frameworks --strip-bitcode --strip-bitcode-tool /Applications/Xcode.app/Contents/Developer/Toolchains/XcodeDefault.xctoolchain/usr/bin/bitcode_strip --emit-dependency-info /Users/iottive/Library/Developer/Xcode/DerivedData/DemoAI-auvftwyzkttogsfblrcnoppslhsb/Build/Intermediates.noindex/DemoAI.build/Debug-iphonesimulator/DemoAI.build/SwiftStdLibToolInputDependencies.dep --filter-for-swift-os

ProcessInfoPlistFile /Users/iottive/Library/Developer/Xcode/DerivedData/DemoAI-auvftwyzkttogsfblrcnoppslhsb/Build/Products/Debug-iphonesimulator/DemoAI.app/PlugIns/DemoAITests.xctest/Info.plist /Users/iottive/Library/Developer/Xcode/DerivedData/DemoAI-auvftwyzkttogsfblrcnoppslhsb/Build/Intermediates.noindex/DemoAI.build/Debug-iphonesimulator/DemoAITests.build/empty-DemoAITests.plist (in target 'DemoAITests' from project 'DemoAI')
    cd /Users/iottive/Desktop/DemoAI
    builtin-infoPlistUtility /Users/iottive/Library/Developer/Xcode/DerivedData/DemoAI-auvftwyzkttogsfblrcnoppslhsb/Build/Intermediates.noindex/DemoAI.build/Debug-iphonesimulator/DemoAITests.build/empty-DemoAITests.plist -producttype com.apple.product-type.bundle.unit-test -expandbuildsettings -format binary -platform iphonesimulator -o /Users/iottive/Library/Developer/Xcode/DerivedData/DemoAI-auvftwyzkttogsfblrcnoppslhsb/Build/Products/Debug-iphonesimulator/DemoAI.app/PlugIns/DemoAITests.xctest/Info.plist

Ld /Users/iottive/Library/Developer/Xcode/DerivedData/DemoAI-auvftwyzkttogsfblrcnoppslhsb/Build/Products/Debug-iphonesimulator/DemoAI.app/PlugIns/DemoAITests.xctest/DemoAITests normal (in target 'DemoAITests' from project 'DemoAI')
    cd /Users/iottive/Desktop/DemoAI
    /Applications/Xcode.app/Contents/Developer/Toolchains/XcodeDefault.xctoolchain/usr/bin/clang -Xlinker -reproducible -target x86_64-apple-ios18.4-simulator -bundle -isysroot /Applications/Xcode.app/Contents/Developer/Platforms/iPhoneSimulator.platform/Developer/SDKs/iPhoneSimulator18.4.sdk -O0 -L/Users/iottive/Library/Developer/Xcode/DerivedData/DemoAI-auvftwyzkttogsfblrcnoppslhsb/Build/Intermediates.noindex/EagerLinkingTBDs/Debug-iphonesimulator -L/Users/iottive/Library/Developer/Xcode/DerivedData/DemoAI-auvftwyzkttogsfblrcnoppslhsb/Build/Products/Debug-iphonesimulator -L/Applications/Xcode.app/Contents/Developer/Platforms/iPhoneSimulator.platform/Developer/usr/lib -F/Users/iottive/Library/Developer/Xcode/DerivedData/DemoAI-auvftwyzkttogsfblrcnoppslhsb/Build/Intermediates.noindex/EagerLinkingTBDs/Debug-iphonesimulator -F/Users/iottive/Library/Developer/Xcode/DerivedData/DemoAI-auvftwyzkttogsfblrcnoppslhsb/Build/Products/Debug-iphonesimulator -iframework /Applications/Xcode.app/Contents/Developer/Platforms/iPhoneSimulator.platform/Developer/Library/Frameworks -iframework /Applications/Xcode.app/Contents/Developer/Platforms/iPhoneSimulator.platform/Developer/SDKs/iPhoneSimulator18.4.sdk/Developer/Library/Frameworks -filelist /Users/iottive/Library/Developer/Xcode/DerivedData/DemoAI-auvftwyzkttogsfblrcnoppslhsb/Build/Intermediates.noindex/DemoAI.build/Debug-iphonesimulator/DemoAITests.build/Objects-normal/x86_64/DemoAITests.LinkFileList -Xlinker -rpath -Xlinker @loader_path/Frameworks -Xlinker -rpath -Xlinker @executable_path/Frameworks -dead_strip -bundle_loader /Users/iottive/Library/Developer/Xcode/DerivedData/DemoAI-auvftwyzkttogsfblrcnoppslhsb/Build/Products/Debug-iphonesimulator/DemoAI.app/DemoAI -Xlinker -object_path_lto -Xlinker /Users/iottive/Library/Developer/Xcode/DerivedData/DemoAI-auvftwyzkttogsfblrcnoppslhsb/Build/Intermediates.noindex/DemoAI.build/Debug-iphonesimulator/DemoAITests.build/Objects-normal/x86_64/DemoAITests_lto.o -rdynamic -Xlinker -no_deduplicate -Xlinker -objc_abi_version -Xlinker 2 -Xlinker -debug_variant -Xlinker -dependency_info -Xlinker /Users/iottive/Library/Developer/Xcode/DerivedData/DemoAI-auvftwyzkttogsfblrcnoppslhsb/Build/Intermediates.noindex/DemoAI.build/Debug-iphonesimulator/DemoAITests.build/Objects-normal/x86_64/DemoAITests_dependency_info.dat -fobjc-link-runtime -fprofile-instr-generate -L/Applications/Xcode.app/Contents/Developer/Toolchains/XcodeDefault.xctoolchain/usr/lib/swift/iphonesimulator -L/usr/lib/swift -Xlinker -add_ast_path -Xlinker /Users/iottive/Library/Developer/Xcode/DerivedData/DemoAI-auvftwyzkttogsfblrcnoppslhsb/Build/Intermediates.noindex/DemoAI.build/Debug-iphonesimulator/DemoAITests.build/Objects-normal/x86_64/DemoAITests.swiftmodule -framework XCTest -lXCTestSwiftSupport /Users/iottive/Library/Developer/Xcode/DerivedData/DemoAI-auvftwyzkttogsfblrcnoppslhsb/Build/Products/Debug-iphonesimulator/DemoAI.app/DemoAI.debug.dylib -Xlinker -no_adhoc_codesign -o /Users/iottive/Library/Developer/Xcode/DerivedData/DemoAI-auvftwyzkttogsfblrcnoppslhsb/Build/Products/Debug-iphonesimulator/DemoAI.app/PlugIns/DemoAITests.xctest/DemoAITests

CopySwiftLibs /Users/iottive/Library/Developer/Xcode/DerivedData/DemoAI-auvftwyzkttogsfblrcnoppslhsb/Build/Products/Debug-iphonesimulator/DemoAI.app/PlugIns/DemoAITests.xctest (in target 'DemoAITests' from project 'DemoAI')
    cd /Users/iottive/Desktop/DemoAI
    builtin-swiftStdLibTool --copy --verbose --sign - --scan-executable /Users/iottive/Library/Developer/Xcode/DerivedData/DemoAI-auvftwyzkttogsfblrcnoppslhsb/Build/Products/Debug-iphonesimulator/DemoAI.app/PlugIns/DemoAITests.xctest/DemoAITests --scan-folder /Users/iottive/Library/Developer/Xcode/DerivedData/DemoAI-auvftwyzkttogsfblrcnoppslhsb/Build/Products/Debug-iphonesimulator/DemoAI.app/PlugIns/DemoAITests.xctest/Frameworks --scan-folder /Users/iottive/Library/Developer/Xcode/DerivedData/DemoAI-auvftwyzkttogsfblrcnoppslhsb/Build/Products/Debug-iphonesimulator/DemoAI.app/PlugIns/DemoAITests.xctest/PlugIns --scan-folder /Users/iottive/Library/Developer/Xcode/DerivedData/DemoAI-auvftwyzkttogsfblrcnoppslhsb/Build/Products/Debug-iphonesimulator/DemoAI.app/PlugIns/DemoAITests.xctest/SystemExtensions --scan-folder /Users/iottive/Library/Developer/Xcode/DerivedData/DemoAI-auvftwyzkttogsfblrcnoppslhsb/Build/Products/Debug-iphonesimulator/DemoAI.app/PlugIns/DemoAITests.xctest/Extensions --platform iphonesimulator --toolchain /Applications/Xcode.app/Contents/Developer/Toolchains/XcodeDefault.xctoolchain --destination /Users/iottive/Library/Developer/Xcode/DerivedData/DemoAI-auvftwyzkttogsfblrcnoppslhsb/Build/Products/Debug-iphonesimulator/DemoAI.app/PlugIns/DemoAITests.xctest/Frameworks --strip-bitcode --scan-executable /Applications/Xcode.app/Contents/Developer/Platforms/iPhoneSimulator.platform/Developer/usr/lib/libXCTestSwiftSupport.dylib --strip-bitcode-tool /Applications/Xcode.app/Contents/Developer/Toolchains/XcodeDefault.xctoolchain/usr/bin/bitcode_strip --emit-dependency-info /Users/iottive/Library/Developer/Xcode/DerivedData/DemoAI-auvftwyzkttogsfblrcnoppslhsb/Build/Intermediates.noindex/DemoAI.build/Debug-iphonesimulator/DemoAITests.build/SwiftStdLibToolInputDependencies.dep --filter-for-swift-os

ExtractAppIntentsMetadata (in target 'DemoAITests' from project 'DemoAI')
    cd /Users/iottive/Desktop/DemoAI
    /Applications/Xcode.app/Contents/Developer/Toolchains/XcodeDefault.xctoolchain/usr/bin/appintentsmetadataprocessor --toolchain-dir /Applications/Xcode.app/Contents/Developer/Toolchains/XcodeDefault.xctoolchain --module-name DemoAITests --sdk-root /Applications/Xcode.app/Contents/Developer/Platforms/iPhoneSimulator.platform/Developer/SDKs/iPhoneSimulator18.4.sdk --xcode-version 16E140 --platform-family iOS --deployment-target 18.4 --bundle-identifier Com.demo.iottive.DemoAITests --output /Users/iottive/Library/Developer/Xcode/DerivedData/DemoAI-auvftwyzkttogsfblrcnoppslhsb/Build/Products/Debug-iphonesimulator/DemoAI.app/PlugIns/DemoAITests.xctest --target-triple x86_64-apple-ios18.4-simulator --binary-file /Users/iottive/Library/Developer/Xcode/DerivedData/DemoAI-auvftwyzkttogsfblrcnoppslhsb/Build/Products/Debug-iphonesimulator/DemoAI.app/PlugIns/DemoAITests.xctest/DemoAITests --dependency-file /Users/iottive/Library/Developer/Xcode/DerivedData/DemoAI-auvftwyzkttogsfblrcnoppslhsb/Build/Intermediates.noindex/DemoAI.build/Debug-iphonesimulator/DemoAITests.build/Objects-normal/x86_64/DemoAITests_dependency_info.dat --stringsdata-file /Users/iottive/Library/Developer/Xcode/DerivedData/DemoAI-auvftwyzkttogsfblrcnoppslhsb/Build/Intermediates.noindex/DemoAI.build/Debug-iphonesimulator/DemoAITests.build/Objects-normal/x86_64/ExtractedAppShortcutsMetadata.stringsdata --source-file-list /Users/iottive/Library/Developer/Xcode/DerivedData/DemoAI-auvftwyzkttogsfblrcnoppslhsb/Build/Intermediates.noindex/DemoAI.build/Debug-iphonesimulator/DemoAITests.build/Objects-normal/x86_64/DemoAITests.SwiftFileList --metadata-file-list /Users/iottive/Library/Developer/Xcode/DerivedData/DemoAI-auvftwyzkttogsfblrcnoppslhsb/Build/Intermediates.noindex/DemoAI.build/Debug-iphonesimulator/DemoAITests.build/DemoAITests.DependencyMetadataFileList --static-metadata-file-list /Users/iottive/Library/Developer/Xcode/DerivedData/DemoAI-auvftwyzkttogsfblrcnoppslhsb/Build/Intermediates.noindex/DemoAI.build/Debug-iphonesimulator/DemoAITests.build/DemoAITests.DependencyStaticMetadataFileList --swift-const-vals-list /Users/iottive/Library/Developer/Xcode/DerivedData/DemoAI-auvftwyzkttogsfblrcnoppslhsb/Build/Intermediates.noindex/DemoAI.build/Debug-iphonesimulator/DemoAITests.build/Objects-normal/x86_64/DemoAITests.SwiftConstValuesFileList --compile-time-extraction --deployment-aware-processing --validate-assistant-intents --no-app-shortcuts-localization
2026-04-30 18:45:05.650 appintentsmetadataprocessor[32508:614842] Starting appintentsmetadataprocessor export
2026-04-30 18:45:05.656 appintentsmetadataprocessor[32508:614842] warning: Metadata extraction skipped. No AppIntents.framework dependency found.

CodeSign /Users/iottive/Library/Developer/Xcode/DerivedData/DemoAI-auvftwyzkttogsfblrcnoppslhsb/Build/Products/Debug-iphonesimulator/DemoAI.app/PlugIns/DemoAITests.xctest (in target 'DemoAITests' from project 'DemoAI')
    cd /Users/iottive/Desktop/DemoAI
    
    Signing Identity:     "Sign to Run Locally"
    
    /usr/bin/codesign --force --sign - --timestamp\=none --generate-entitlement-der /Users/iottive/Library/Developer/Xcode/DerivedData/DemoAI-auvftwyzkttogsfblrcnoppslhsb/Build/Products/Debug-iphonesimulator/DemoAI.app/PlugIns/DemoAITests.xctest

CodeSign /Users/iottive/Library/Developer/Xcode/DerivedData/DemoAI-auvftwyzkttogsfblrcnoppslhsb/Build/Products/Debug-iphonesimulator/DemoAI.app/DemoAI.debug.dylib (in target 'DemoAI' from project 'DemoAI')
    cd /Users/iottive/Desktop/DemoAI
    
    Signing Identity:     "Sign to Run Locally"
    
    /usr/bin/codesign --force --sign - --timestamp\=none --generate-entitlement-der /Users/iottive/Library/Developer/Xcode/DerivedData/DemoAI-auvftwyzkttogsfblrcnoppslhsb/Build/Products/Debug-iphonesimulator/DemoAI.app/DemoAI.debug.dylib

CodeSign /Users/iottive/Library/Developer/Xcode/DerivedData/DemoAI-auvftwyzkttogsfblrcnoppslhsb/Build/Products/Debug-iphonesimulator/DemoAI.app/__preview.dylib (in target 'DemoAI' from project 'DemoAI')
    cd /Users/iottive/Desktop/DemoAI
    
    Signing Identity:     "Sign to Run Locally"
    
    /usr/bin/codesign --force --sign - --timestamp\=none --generate-entitlement-der /Users/iottive/Library/Developer/Xcode/DerivedData/DemoAI-auvftwyzkttogsfblrcnoppslhsb/Build/Products/Debug-iphonesimulator/DemoAI.app/__preview.dylib
/Users/iottive/Library/Developer/Xcode/DerivedData/DemoAI-auvftwyzkttogsfblrcnoppslhsb/Build/Products/Debug-iphonesimulator/DemoAI.app/__preview.dylib: replacing existing signature

CodeSign /Users/iottive/Library/Developer/Xcode/DerivedData/DemoAI-auvftwyzkttogsfblrcnoppslhsb/Build/Products/Debug-iphonesimulator/DemoAI.app (in target 'DemoAI' from project 'DemoAI')
    cd /Users/iottive/Desktop/DemoAI
    
    Signing Identity:     "Sign to Run Locally"
    
    /usr/bin/codesign --force --sign - --timestamp\=none --generate-entitlement-der /Users/iottive/Library/Developer/Xcode/DerivedData/DemoAI-auvftwyzkttogsfblrcnoppslhsb/Build/Products/Debug-iphonesimulator/DemoAI.app

Validate /Users/iottive/Library/Developer/Xcode/DerivedData/DemoAI-auvftwyzkttogsfblrcnoppslhsb/Build/Products/Debug-iphonesimulator/DemoAI.app (in target 'DemoAI' from project 'DemoAI')
    cd /Users/iottive/Desktop/DemoAI
    builtin-validationUtility /Users/iottive/Library/Developer/Xcode/DerivedData/DemoAI-auvftwyzkttogsfblrcnoppslhsb/Build/Products/Debug-iphonesimulator/DemoAI.app -infoplist-subpath Info.plist

ProcessInfoPlistFile /Users/iottive/Library/Developer/Xcode/DerivedData/DemoAI-auvftwyzkttogsfblrcnoppslhsb/Build/Products/Debug-iphonesimulator/DemoAIUITests-Runner.app/PlugIns/DemoAIUITests.xctest/Info.plist /Users/iottive/Library/Developer/Xcode/DerivedData/DemoAI-auvftwyzkttogsfblrcnoppslhsb/Build/Intermediates.noindex/DemoAI.build/Debug-iphonesimulator/DemoAIUITests.build/empty-DemoAIUITests.plist (in target 'DemoAIUITests' from project 'DemoAI')
    cd /Users/iottive/Desktop/DemoAI
    builtin-infoPlistUtility /Users/iottive/Library/Developer/Xcode/DerivedData/DemoAI-auvftwyzkttogsfblrcnoppslhsb/Build/Intermediates.noindex/DemoAI.build/Debug-iphonesimulator/DemoAIUITests.build/empty-DemoAIUITests.plist -producttype com.apple.product-type.bundle.ui-testing -expandbuildsettings -format binary -platform iphonesimulator -additionalcontentfile /Users/iottive/Library/Developer/Xcode/DerivedData/DemoAI-auvftwyzkttogsfblrcnoppslhsb/Build/Intermediates.noindex/DemoAI.build/Debug-iphonesimulator/DemoAIUITests.build/ProductTypeInfoPlistAdditions.plist -o /Users/iottive/Library/Developer/Xcode/DerivedData/DemoAI-auvftwyzkttogsfblrcnoppslhsb/Build/Products/Debug-iphonesimulator/DemoAIUITests-Runner.app/PlugIns/DemoAIUITests.xctest/Info.plist

Ld /Users/iottive/Library/Developer/Xcode/DerivedData/DemoAI-auvftwyzkttogsfblrcnoppslhsb/Build/Products/Debug-iphonesimulator/DemoAIUITests-Runner.app/PlugIns/DemoAIUITests.xctest/DemoAIUITests normal (in target 'DemoAIUITests' from project 'DemoAI')
    cd /Users/iottive/Desktop/DemoAI
    /Applications/Xcode.app/Contents/Developer/Toolchains/XcodeDefault.xctoolchain/usr/bin/clang -Xlinker -reproducible -target x86_64-apple-ios18.4-simulator -bundle -isysroot /Applications/Xcode.app/Contents/Developer/Platforms/iPhoneSimulator.platform/Developer/SDKs/iPhoneSimulator18.4.sdk -O0 -L/Users/iottive/Library/Developer/Xcode/DerivedData/DemoAI-auvftwyzkttogsfblrcnoppslhsb/Build/Intermediates.noindex/EagerLinkingTBDs/Debug-iphonesimulator -L/Users/iottive/Library/Developer/Xcode/DerivedData/DemoAI-auvftwyzkttogsfblrcnoppslhsb/Build/Products/Debug-iphonesimulator -L/Applications/Xcode.app/Contents/Developer/Platforms/iPhoneSimulator.platform/Developer/usr/lib -F/Users/iottive/Library/Developer/Xcode/DerivedData/DemoAI-auvftwyzkttogsfblrcnoppslhsb/Build/Intermediates.noindex/EagerLinkingTBDs/Debug-iphonesimulator -F/Users/iottive/Library/Developer/Xcode/DerivedData/DemoAI-auvftwyzkttogsfblrcnoppslhsb/Build/Products/Debug-iphonesimulator -iframework /Applications/Xcode.app/Contents/Developer/Platforms/iPhoneSimulator.platform/Developer/Library/Frameworks -iframework /Applications/Xcode.app/Contents/Developer/Platforms/iPhoneSimulator.platform/Developer/SDKs/iPhoneSimulator18.4.sdk/Developer/Library/Frameworks -filelist /Users/iottive/Library/Developer/Xcode/DerivedData/DemoAI-auvftwyzkttogsfblrcnoppslhsb/Build/Intermediates.noindex/DemoAI.build/Debug-iphonesimulator/DemoAIUITests.build/Objects-normal/x86_64/DemoAIUITests.LinkFileList -Xlinker -rpath -Xlinker @loader_path/Frameworks -dead_strip -Xlinker -object_path_lto -Xlinker /Users/iottive/Library/Developer/Xcode/DerivedData/DemoAI-auvftwyzkttogsfblrcnoppslhsb/Build/Intermediates.noindex/DemoAI.build/Debug-iphonesimulator/DemoAIUITests.build/Objects-normal/x86_64/DemoAIUITests_lto.o -rdynamic -Xlinker -no_deduplicate -Xlinker -objc_abi_version -Xlinker 2 -Xlinker -debug_variant -Xlinker -dependency_info -Xlinker /Users/iottive/Library/Developer/Xcode/DerivedData/DemoAI-auvftwyzkttogsfblrcnoppslhsb/Build/Intermediates.noindex/DemoAI.build/Debug-iphonesimulator/DemoAIUITests.build/Objects-normal/x86_64/DemoAIUITests_dependency_info.dat -fobjc-link-runtime -fprofile-instr-generate -L/Applications/Xcode.app/Contents/Developer/Toolchains/XcodeDefault.xctoolchain/usr/lib/swift/iphonesimulator -L/usr/lib/swift -Xlinker -add_ast_path -Xlinker /Users/iottive/Library/Developer/Xcode/DerivedData/DemoAI-auvftwyzkttogsfblrcnoppslhsb/Build/Intermediates.noindex/DemoAI.build/Debug-iphonesimulator/DemoAIUITests.build/Objects-normal/x86_64/DemoAIUITests.swiftmodule -framework XCTest -lXCTestSwiftSupport -Xlinker -sectcreate -Xlinker __TEXT -Xlinker __entitlements -Xlinker /Users/iottive/Library/Developer/Xcode/DerivedData/DemoAI-auvftwyzkttogsfblrcnoppslhsb/Build/Intermediates.noindex/DemoAI.build/Debug-iphonesimulator/DemoAIUITests.build/DemoAIUITests.xctest-Simulated.xcent -Xlinker -sectcreate -Xlinker __TEXT -Xlinker __ents_der -Xlinker /Users/iottive/Library/Developer/Xcode/DerivedData/DemoAI-auvftwyzkttogsfblrcnoppslhsb/Build/Intermediates.noindex/DemoAI.build/Debug-iphonesimulator/DemoAIUITests.build/DemoAIUITests.xctest-Simulated.xcent.der -Xlinker -no_adhoc_codesign -o /Users/iottive/Library/Developer/Xcode/DerivedData/DemoAI-auvftwyzkttogsfblrcnoppslhsb/Build/Products/Debug-iphonesimulator/DemoAIUITests-Runner.app/PlugIns/DemoAIUITests.xctest/DemoAIUITests

CopySwiftLibs /Users/iottive/Library/Developer/Xcode/DerivedData/DemoAI-auvftwyzkttogsfblrcnoppslhsb/Build/Products/Debug-iphonesimulator/DemoAIUITests-Runner.app/PlugIns/DemoAIUITests.xctest (in target 'DemoAIUITests' from project 'DemoAI')
    cd /Users/iottive/Desktop/DemoAI
    builtin-swiftStdLibTool --copy --verbose --sign - --scan-executable /Users/iottive/Library/Developer/Xcode/DerivedData/DemoAI-auvftwyzkttogsfblrcnoppslhsb/Build/Products/Debug-iphonesimulator/DemoAIUITests-Runner.app/PlugIns/DemoAIUITests.xctest/DemoAIUITests --scan-folder /Users/iottive/Library/Developer/Xcode/DerivedData/DemoAI-auvftwyzkttogsfblrcnoppslhsb/Build/Products/Debug-iphonesimulator/DemoAIUITests-Runner.app/PlugIns/DemoAIUITests.xctest/Frameworks --scan-folder /Users/iottive/Library/Developer/Xcode/DerivedData/DemoAI-auvftwyzkttogsfblrcnoppslhsb/Build/Products/Debug-iphonesimulator/DemoAIUITests-Runner.app/PlugIns/DemoAIUITests.xctest/PlugIns --scan-folder /Users/iottive/Library/Developer/Xcode/DerivedData/DemoAI-auvftwyzkttogsfblrcnoppslhsb/Build/Products/Debug-iphonesimulator/DemoAIUITests-Runner.app/PlugIns/DemoAIUITests.xctest/SystemExtensions --scan-folder /Users/iottive/Library/Developer/Xcode/DerivedData/DemoAI-auvftwyzkttogsfblrcnoppslhsb/Build/Products/Debug-iphonesimulator/DemoAIUITests-Runner.app/PlugIns/DemoAIUITests.xctest/Extensions --platform iphonesimulator --toolchain /Applications/Xcode.app/Contents/Developer/Toolchains/XcodeDefault.xctoolchain --destination /Users/iottive/Library/Developer/Xcode/DerivedData/DemoAI-auvftwyzkttogsfblrcnoppslhsb/Build/Products/Debug-iphonesimulator/DemoAIUITests-Runner.app/PlugIns/DemoAIUITests.xctest/Frameworks --strip-bitcode --scan-executable /Applications/Xcode.app/Contents/Developer/Platforms/iPhoneSimulator.platform/Developer/usr/lib/libXCTestSwiftSupport.dylib --strip-bitcode-tool /Applications/Xcode.app/Contents/Developer/Toolchains/XcodeDefault.xctoolchain/usr/bin/bitcode_strip --emit-dependency-info /Users/iottive/Library/Developer/Xcode/DerivedData/DemoAI-auvftwyzkttogsfblrcnoppslhsb/Build/Intermediates.noindex/DemoAI.build/Debug-iphonesimulator/DemoAIUITests.build/SwiftStdLibToolInputDependencies.dep --filter-for-swift-os

ExtractAppIntentsMetadata (in target 'DemoAIUITests' from project 'DemoAI')
    cd /Users/iottive/Desktop/DemoAI
    /Applications/Xcode.app/Contents/Developer/Toolchains/XcodeDefault.xctoolchain/usr/bin/appintentsmetadataprocessor --toolchain-dir /Applications/Xcode.app/Contents/Developer/Toolchains/XcodeDefault.xctoolchain --module-name DemoAIUITests --sdk-root /Applications/Xcode.app/Contents/Developer/Platforms/iPhoneSimulator.platform/Developer/SDKs/iPhoneSimulator18.4.sdk --xcode-version 16E140 --platform-family iOS --deployment-target 18.4 --bundle-identifier Com.demo.iottive.DemoAIUITests --output /Users/iottive/Library/Developer/Xcode/DerivedData/DemoAI-auvftwyzkttogsfblrcnoppslhsb/Build/Products/Debug-iphonesimulator/DemoAIUITests-Runner.app/PlugIns/DemoAIUITests.xctest --target-triple x86_64-apple-ios18.4-simulator --binary-file /Users/iottive/Library/Developer/Xcode/DerivedData/DemoAI-auvftwyzkttogsfblrcnoppslhsb/Build/Products/Debug-iphonesimulator/DemoAIUITests-Runner.app/PlugIns/DemoAIUITests.xctest/DemoAIUITests --dependency-file /Users/iottive/Library/Developer/Xcode/DerivedData/DemoAI-auvftwyzkttogsfblrcnoppslhsb/Build/Intermediates.noindex/DemoAI.build/Debug-iphonesimulator/DemoAIUITests.build/Objects-normal/x86_64/DemoAIUITests_dependency_info.dat --stringsdata-file /Users/iottive/Library/Developer/Xcode/DerivedData/DemoAI-auvftwyzkttogsfblrcnoppslhsb/Build/Intermediates.noindex/DemoAI.build/Debug-iphonesimulator/DemoAIUITests.build/Objects-normal/x86_64/ExtractedAppShortcutsMetadata.stringsdata --source-file-list /Users/iottive/Library/Developer/Xcode/DerivedData/DemoAI-auvftwyzkttogsfblrcnoppslhsb/Build/Intermediates.noindex/DemoAI.build/Debug-iphonesimulator/DemoAIUITests.build/Objects-normal/x86_64/DemoAIUITests.SwiftFileList --metadata-file-list /Users/iottive/Library/Developer/Xcode/DerivedData/DemoAI-auvftwyzkttogsfblrcnoppslhsb/Build/Intermediates.noindex/DemoAI.build/Debug-iphonesimulator/DemoAIUITests.build/DemoAIUITests.DependencyMetadataFileList --static-metadata-file-list /Users/iottive/Library/Developer/Xcode/DerivedData/DemoAI-auvftwyzkttogsfblrcnoppslhsb/Build/Intermediates.noindex/DemoAI.build/Debug-iphonesimulator/DemoAIUITests.build/DemoAIUITests.DependencyStaticMetadataFileList --swift-const-vals-list /Users/iottive/Library/Developer/Xcode/DerivedData/DemoAI-auvftwyzkttogsfblrcnoppslhsb/Build/Intermediates.noindex/DemoAI.build/Debug-iphonesimulator/DemoAIUITests.build/Objects-normal/x86_64/DemoAIUITests.SwiftConstValuesFileList --compile-time-extraction --deployment-aware-processing --validate-assistant-intents --no-app-shortcuts-localization
2026-04-30 18:45:06.518 appintentsmetadataprocessor[32517:614895] Starting appintentsmetadataprocessor export
2026-04-30 18:45:06.523 appintentsmetadataprocessor[32517:614895] warning: Metadata extraction skipped. No AppIntents.framework dependency found.

CodeSign /Users/iottive/Library/Developer/Xcode/DerivedData/DemoAI-auvftwyzkttogsfblrcnoppslhsb/Build/Products/Debug-iphonesimulator/DemoAIUITests-Runner.app/PlugIns/DemoAIUITests.xctest (in target 'DemoAIUITests' from project 'DemoAI')
    cd /Users/iottive/Desktop/DemoAI
    
    Signing Identity:     "Sign to Run Locally"
    
    /usr/bin/codesign --force --sign - --timestamp\=none --generate-entitlement-der /Users/iottive/Library/Developer/Xcode/DerivedData/DemoAI-auvftwyzkttogsfblrcnoppslhsb/Build/Products/Debug-iphonesimulator/DemoAIUITests-Runner.app/PlugIns/DemoAIUITests.xctest

